%verify(not md5 size mtime) /var/lib/selinux/mls/active/modules/100/accountsd
%verify(not md5 size mtime) /var/lib/selinux/mls/active/modules/100/acct
%verify(not md5 size mtime) /var/lib/selinux/mls/active/modules/100/afs
%verify(not md5 size mtime) /var/lib/selinux/mls/active/modules/100/aide
%verify(not md5 size mtime) /var/lib/selinux/mls/active/modules/100/alsa
%verify(not md5 size mtime) /var/lib/selinux/mls/active/modules/100/amanda
%verify(not md5 size mtime) /var/lib/selinux/mls/active/modules/100/antivirus
%verify(not md5 size mtime) /var/lib/selinux/mls/active/modules/100/amtu
%verify(not md5 size mtime) /var/lib/selinux/mls/active/modules/100/anaconda
%verify(not md5 size mtime) /var/lib/selinux/mls/active/modules/100/apache
%verify(not md5 size mtime) /var/lib/selinux/mls/active/modules/100/apcupsd
%verify(not md5 size mtime) /var/lib/selinux/mls/active/modules/100/apm
%verify(not md5 size mtime) /var/lib/selinux/mls/active/modules/100/arpwatch
%verify(not md5 size mtime) /var/lib/selinux/mls/active/modules/100/automount
%verify(not md5 size mtime) /var/lib/selinux/mls/active/modules/100/avahi
%verify(not md5 size mtime) /var/lib/selinux/mls/active/modules/100/awstats
%verify(not md5 size mtime) /var/lib/selinux/mls/active/modules/100/bind
%verify(not md5 size mtime) /var/lib/selinux/mls/active/modules/100/bitlbee
%verify(not md5 size mtime) /var/lib/selinux/mls/active/modules/100/bluetooth
%verify(not md5 size mtime) /var/lib/selinux/mls/active/modules/100/boinc
%verify(not md5 size mtime) /var/lib/selinux/mls/active/modules/100/brctl
%verify(not md5 size mtime) /var/lib/selinux/mls/active/modules/100/bugzilla
%verify(not md5 size mtime) /var/lib/selinux/mls/active/modules/100/cachefilesd
%verify(not md5 size mtime) /var/lib/selinux/mls/active/modules/100/calamaris
%verify(not md5 size mtime) /var/lib/selinux/mls/active/modules/100/canna
%verify(not md5 size mtime) /var/lib/selinux/mls/active/modules/100/ccs
%verify(not md5 size mtime) /var/lib/selinux/mls/active/modules/100/cdrecord
%verify(not md5 size mtime) /var/lib/selinux/mls/active/modules/100/certmaster
%verify(not md5 size mtime) /var/lib/selinux/mls/active/modules/100/certmonger
%verify(not md5 size mtime) /var/lib/selinux/mls/active/modules/100/certwatch
%verify(not md5 size mtime) /var/lib/selinux/mls/active/modules/100/cgroup
%verify(not md5 size mtime) /var/lib/selinux/mls/active/modules/100/chrome
%verify(not md5 size mtime) /var/lib/selinux/mls/active/modules/100/chronyd
%verify(not md5 size mtime) /var/lib/selinux/mls/active/modules/100/cipe
%verify(not md5 size mtime) /var/lib/selinux/mls/active/modules/100/clogd
%verify(not md5 size mtime) /var/lib/selinux/mls/active/modules/100/cmirrord
%verify(not md5 size mtime) /var/lib/selinux/mls/active/modules/100/colord
%verify(not md5 size mtime) /var/lib/selinux/mls/active/modules/100/comsat
%verify(not md5 size mtime) /var/lib/selinux/mls/active/modules/100/courier
%verify(not md5 size mtime) /var/lib/selinux/mls/active/modules/100/cpucontrol
%verify(not md5 size mtime) /var/lib/selinux/mls/active/modules/100/cpufreqselector
%verify(not md5 size mtime) /var/lib/selinux/mls/active/modules/100/cron
%verify(not md5 size mtime) /var/lib/selinux/mls/active/modules/100/cups
%verify(not md5 size mtime) /var/lib/selinux/mls/active/modules/100/cvs
%verify(not md5 size mtime) /var/lib/selinux/mls/active/modules/100/cyphesis
%verify(not md5 size mtime) /var/lib/selinux/mls/active/modules/100/cyrus
%verify(not md5 size mtime) /var/lib/selinux/mls/active/modules/100/daemontools
%verify(not md5 size mtime) /var/lib/selinux/mls/active/modules/100/dbadm
%verify(not md5 size mtime) /var/lib/selinux/mls/active/modules/100/dbskk
%verify(not md5 size mtime) /var/lib/selinux/mls/active/modules/100/dbus
%verify(not md5 size mtime) /var/lib/selinux/mls/active/modules/100/dcc
%verify(not md5 size mtime) /var/lib/selinux/mls/active/modules/100/devicekit
%verify(not md5 size mtime) /var/lib/selinux/mls/active/modules/100/dhcp
%verify(not md5 size mtime) /var/lib/selinux/mls/active/modules/100/dictd
%verify(not md5 size mtime) /var/lib/selinux/mls/active/modules/100/dmidecode
%verify(not md5 size mtime) /var/lib/selinux/mls/active/modules/100/dnsmasq
%verify(not md5 size mtime) /var/lib/selinux/mls/active/modules/100/dnssec
%verify(not md5 size mtime) /var/lib/selinux/mls/active/modules/100/dovecot
%verify(not md5 size mtime) /var/lib/selinux/mls/active/modules/100/entropyd
%verify(not md5 size mtime) /var/lib/selinux/mls/active/modules/100/exim
%verify(not md5 size mtime) /var/lib/selinux/mls/active/modules/100/fail2ban
%verify(not md5 size mtime) /var/lib/selinux/mls/active/modules/100/fetchmail
%verify(not md5 size mtime) /var/lib/selinux/mls/active/modules/100/finger
%verify(not md5 size mtime) /var/lib/selinux/mls/active/modules/100/firewalld
%verify(not md5 size mtime) /var/lib/selinux/mls/active/modules/100/firewallgui
%verify(not md5 size mtime) /var/lib/selinux/mls/active/modules/100/firstboot
%verify(not md5 size mtime) /var/lib/selinux/mls/active/modules/100/fprintd
%verify(not md5 size mtime) /var/lib/selinux/mls/active/modules/100/ftp
%verify(not md5 size mtime) /var/lib/selinux/mls/active/modules/100/games
%verify(not md5 size mtime) /var/lib/selinux/mls/active/modules/100/gitosis
%verify(not md5 size mtime) /var/lib/selinux/mls/active/modules/100/git
%verify(not md5 size mtime) /var/lib/selinux/mls/active/modules/100/glance
%verify(not md5 size mtime) /var/lib/selinux/mls/active/modules/100/gnome
%verify(not md5 size mtime) /var/lib/selinux/mls/active/modules/100/gpg
%verify(not md5 size mtime) /var/lib/selinux/mls/active/modules/100/gpm
%verify(not md5 size mtime) /var/lib/selinux/mls/active/modules/100/gpsd
%verify(not md5 size mtime) /var/lib/selinux/mls/active/modules/100/gssproxy
%verify(not md5 size mtime) /var/lib/selinux/mls/active/modules/100/guest
%verify(not md5 size mtime) /var/lib/selinux/mls/active/modules/100/inetd
%verify(not md5 size mtime) /var/lib/selinux/mls/active/modules/100/inn
%verify(not md5 size mtime) /var/lib/selinux/mls/active/modules/100/irc
%verify(not md5 size mtime) /var/lib/selinux/mls/active/modules/100/irqbalance
%verify(not md5 size mtime) /var/lib/selinux/mls/active/modules/100/iscsi
%verify(not md5 size mtime) /var/lib/selinux/mls/active/modules/100/jabber
%verify(not md5 size mtime) /var/lib/selinux/mls/active/modules/100/kdumpgui
%verify(not md5 size mtime) /var/lib/selinux/mls/active/modules/100/kdump
%verify(not md5 size mtime) /var/lib/selinux/mls/active/modules/100/kerberos
%verify(not md5 size mtime) /var/lib/selinux/mls/active/modules/100/kismet
%verify(not md5 size mtime) /var/lib/selinux/mls/active/modules/100/ktalk
%verify(not md5 size mtime) /var/lib/selinux/mls/active/modules/100/ldap
%verify(not md5 size mtime) /var/lib/selinux/mls/active/modules/100/lircd
%verify(not md5 size mtime) /var/lib/selinux/mls/active/modules/100/loadkeys
%verify(not md5 size mtime) /var/lib/selinux/mls/active/modules/100/lockdev
%verify(not md5 size mtime) /var/lib/selinux/mls/active/modules/100/logrotate
%verify(not md5 size mtime) /var/lib/selinux/mls/active/modules/100/logwatch
%verify(not md5 size mtime) /var/lib/selinux/mls/active/modules/100/lpd
%verify(not md5 size mtime) /var/lib/selinux/mls/active/modules/100/lsm
%verify(not md5 size mtime) /var/lib/selinux/mls/active/modules/100/mailman
%verify(not md5 size mtime) /var/lib/selinux/mls/active/modules/100/mcelog
%verify(not md5 size mtime) /var/lib/selinux/mls/active/modules/100/memcached
%verify(not md5 size mtime) /var/lib/selinux/mls/active/modules/100/milter
%verify(not md5 size mtime) /var/lib/selinux/mls/active/modules/100/modemmanager
%verify(not md5 size mtime) /var/lib/selinux/mls/active/modules/100/mojomojo
%verify(not md5 size mtime) /var/lib/selinux/mls/active/modules/100/mozilla
%verify(not md5 size mtime) /var/lib/selinux/mls/active/modules/100/mplayer
%verify(not md5 size mtime) /var/lib/selinux/mls/active/modules/100/mrtg
%verify(not md5 size mtime) /var/lib/selinux/mls/active/modules/100/mta
%verify(not md5 size mtime) /var/lib/selinux/mls/active/modules/100/munin
%verify(not md5 size mtime) /var/lib/selinux/mls/active/modules/100/mysql
%verify(not md5 size mtime) /var/lib/selinux/mls/active/modules/100/nagios
%verify(not md5 size mtime) /var/lib/selinux/mls/active/modules/100/namespace
%verify(not md5 size mtime) /var/lib/selinux/mls/active/modules/100/ncftool
%verify(not md5 size mtime) /var/lib/selinux/mls/active/modules/100/networkmanager
%verify(not md5 size mtime) /var/lib/selinux/mls/active/modules/100/nis
%verify(not md5 size mtime) /var/lib/selinux/mls/active/modules/100/nscd
%verify(not md5 size mtime) /var/lib/selinux/mls/active/modules/100/nslcd
%verify(not md5 size mtime) /var/lib/selinux/mls/active/modules/100/ntop
%verify(not md5 size mtime) /var/lib/selinux/mls/active/modules/100/ntp
%verify(not md5 size mtime) /var/lib/selinux/mls/active/modules/100/nx
%verify(not md5 size mtime) /var/lib/selinux/mls/active/modules/100/oddjob
%verify(not md5 size mtime) /var/lib/selinux/mls/active/modules/100/openct
%verify(not md5 size mtime) /var/lib/selinux/mls/active/modules/100/openvpn
%verify(not md5 size mtime) /var/lib/selinux/mls/active/modules/100/prelude
%verify(not md5 size mtime) /var/lib/selinux/mls/active/modules/100/prosody
%verify(not md5 size mtime) /var/lib/selinux/mls/active/modules/100/pads
%verify(not md5 size mtime) /var/lib/selinux/mls/active/modules/100/pcmcia
%verify(not md5 size mtime) /var/lib/selinux/mls/active/modules/100/pcscd
%verify(not md5 size mtime) /var/lib/selinux/mls/active/modules/100/pegasus
%verify(not md5 size mtime) /var/lib/selinux/mls/active/modules/100/pingd
%verify(not md5 size mtime) /var/lib/selinux/mls/active/modules/100/piranha
%verify(not md5 size mtime) /var/lib/selinux/mls/active/modules/100/plymouthd
%verify(not md5 size mtime) /var/lib/selinux/mls/active/modules/100/podsleuth
%verify(not md5 size mtime) /var/lib/selinux/mls/active/modules/100/policykit
%verify(not md5 size mtime) /var/lib/selinux/mls/active/modules/100/polipo
%verify(not md5 size mtime) /var/lib/selinux/mls/active/modules/100/portmap
%verify(not md5 size mtime) /var/lib/selinux/mls/active/modules/100/portreserve
%verify(not md5 size mtime) /var/lib/selinux/mls/active/modules/100/postfix
%verify(not md5 size mtime) /var/lib/selinux/mls/active/modules/100/postgrey
%verify(not md5 size mtime) /var/lib/selinux/mls/active/modules/100/ppp
%verify(not md5 size mtime) /var/lib/selinux/mls/active/modules/100/prelink
%verify(not md5 size mtime) /var/lib/selinux/mls/active/modules/100/unprivuser
%verify(not md5 size mtime) /var/lib/selinux/mls/active/modules/100/privoxy
%verify(not md5 size mtime) /var/lib/selinux/mls/active/modules/100/procmail
%verify(not md5 size mtime) /var/lib/selinux/mls/active/modules/100/psad
%verify(not md5 size mtime) /var/lib/selinux/mls/active/modules/100/ptchown
%verify(not md5 size mtime) /var/lib/selinux/mls/active/modules/100/publicfile
%verify(not md5 size mtime) /var/lib/selinux/mls/active/modules/100/pulseaudio
%verify(not md5 size mtime) /var/lib/selinux/mls/active/modules/100/qmail
%verify(not md5 size mtime) /var/lib/selinux/mls/active/modules/100/qpid
%verify(not md5 size mtime) /var/lib/selinux/mls/active/modules/100/quota
%verify(not md5 size mtime) /var/lib/selinux/mls/active/modules/100/radius
%verify(not md5 size mtime) /var/lib/selinux/mls/active/modules/100/radvd
%verify(not md5 size mtime) /var/lib/selinux/mls/active/modules/100/raid
%verify(not md5 size mtime) /var/lib/selinux/mls/active/modules/100/rdisc
%verify(not md5 size mtime) /var/lib/selinux/mls/active/modules/100/readahead
%verify(not md5 size mtime) /var/lib/selinux/mls/active/modules/100/remotelogin
%verify(not md5 size mtime) /var/lib/selinux/mls/active/modules/100/rhcs
%verify(not md5 size mtime) /var/lib/selinux/mls/active/modules/100/rhgb
%verify(not md5 size mtime) /var/lib/selinux/mls/active/modules/100/ricci
%verify(not md5 size mtime) /var/lib/selinux/mls/active/modules/100/rlogin
%verify(not md5 size mtime) /var/lib/selinux/mls/active/modules/100/roundup
%verify(not md5 size mtime) /var/lib/selinux/mls/active/modules/100/rpcbind
%verify(not md5 size mtime) /var/lib/selinux/mls/active/modules/100/rpc
%verify(not md5 size mtime) /var/lib/selinux/mls/active/modules/100/rpm
%verify(not md5 size mtime) /var/lib/selinux/mls/active/modules/100/rshd
%verify(not md5 size mtime) /var/lib/selinux/mls/active/modules/100/rsync
%verify(not md5 size mtime) /var/lib/selinux/mls/active/modules/100/rtkit
%verify(not md5 size mtime) /var/lib/selinux/mls/active/modules/100/rwho
%verify(not md5 size mtime) /var/lib/selinux/mls/active/modules/100/sambagui
%verify(not md5 size mtime) /var/lib/selinux/mls/active/modules/100/samba
%verify(not md5 size mtime) /var/lib/selinux/mls/active/modules/100/sasl
%verify(not md5 size mtime) /var/lib/selinux/mls/active/modules/100/screen
%verify(not md5 size mtime) /var/lib/selinux/mls/active/modules/100/sendmail
%verify(not md5 size mtime) /var/lib/selinux/mls/active/modules/100/setroubleshoot
%verify(not md5 size mtime) /var/lib/selinux/mls/active/modules/100/shorewall
%verify(not md5 size mtime) /var/lib/selinux/mls/active/modules/100/slocate
%verify(not md5 size mtime) /var/lib/selinux/mls/active/modules/100/smartmon
%verify(not md5 size mtime) /var/lib/selinux/mls/active/modules/100/snmp
%verify(not md5 size mtime) /var/lib/selinux/mls/active/modules/100/snort
%verify(not md5 size mtime) /var/lib/selinux/mls/active/modules/100/sosreport
%verify(not md5 size mtime) /var/lib/selinux/mls/active/modules/100/soundserver
%verify(not md5 size mtime) /var/lib/selinux/mls/active/modules/100/spamassassin
%verify(not md5 size mtime) /var/lib/selinux/mls/active/modules/100/squid
%verify(not md5 size mtime) /var/lib/selinux/mls/active/modules/100/sssd
%verify(not md5 size mtime) /var/lib/selinux/mls/active/modules/100/stunnel
%verify(not md5 size mtime) /var/lib/selinux/mls/active/modules/100/sysstat
%verify(not md5 size mtime) /var/lib/selinux/mls/active/modules/100/tcpd
%verify(not md5 size mtime) /var/lib/selinux/mls/active/modules/100/tcsd
%verify(not md5 size mtime) /var/lib/selinux/mls/active/modules/100/telepathy
%verify(not md5 size mtime) /var/lib/selinux/mls/active/modules/100/telnet
%verify(not md5 size mtime) /var/lib/selinux/mls/active/modules/100/tftp
%verify(not md5 size mtime) /var/lib/selinux/mls/active/modules/100/tgtd
%verify(not md5 size mtime) /var/lib/selinux/mls/active/modules/100/thumb
%verify(not md5 size mtime) /var/lib/selinux/mls/active/modules/100/tmpreaper
%verify(not md5 size mtime) /var/lib/selinux/mls/active/modules/100/tor
%verify(not md5 size mtime) /var/lib/selinux/mls/active/modules/100/ksmtuned
%verify(not md5 size mtime) /var/lib/selinux/mls/active/modules/100/tuned
%verify(not md5 size mtime) /var/lib/selinux/mls/active/modules/100/tvtime
%verify(not md5 size mtime) /var/lib/selinux/mls/active/modules/100/ulogd
%verify(not md5 size mtime) /var/lib/selinux/mls/active/modules/100/uml
%verify(not md5 size mtime) /var/lib/selinux/mls/active/modules/100/updfstab
%verify(not md5 size mtime) /var/lib/selinux/mls/active/modules/100/usbmodules
%verify(not md5 size mtime) /var/lib/selinux/mls/active/modules/100/userhelper
%verify(not md5 size mtime) /var/lib/selinux/mls/active/modules/100/usernetctl
%verify(not md5 size mtime) /var/lib/selinux/mls/active/modules/100/uucp
%verify(not md5 size mtime) /var/lib/selinux/mls/active/modules/100/virt
%verify(not md5 size mtime) /var/lib/selinux/mls/active/modules/100/vmware
%verify(not md5 size mtime) /var/lib/selinux/mls/active/modules/100/openvswitch
%verify(not md5 size mtime) /var/lib/selinux/mls/active/modules/100/vpn
%verify(not md5 size mtime) /var/lib/selinux/mls/active/modules/100/w3c
%verify(not md5 size mtime) /var/lib/selinux/mls/active/modules/100/webadm
%verify(not md5 size mtime) /var/lib/selinux/mls/active/modules/100/webalizer
%verify(not md5 size mtime) /var/lib/selinux/mls/active/modules/100/wine
%verify(not md5 size mtime) /var/lib/selinux/mls/active/modules/100/wireshark
%verify(not md5 size mtime) /var/lib/selinux/mls/active/modules/100/wm
%verify(not md5 size mtime) /var/lib/selinux/mls/active/modules/100/xen
%verify(not md5 size mtime) /var/lib/selinux/mls/active/modules/100/xguest
%verify(not md5 size mtime) /var/lib/selinux/mls/active/modules/100/zabbix
%verify(not md5 size mtime) /var/lib/selinux/mls/active/modules/100/zebra
%verify(not md5 size mtime) /var/lib/selinux/mls/active/modules/100/zosremote
%verify(not md5 size mtime) /var/lib/selinux/mls/active/modules/100/mandb
%verify(not md5 size mtime) /var/lib/selinux/mls/active/modules/100/bootloader
%verify(not md5 size mtime) /var/lib/selinux/mls/active/modules/100/dmesg
%verify(not md5 size mtime) /var/lib/selinux/mls/active/modules/100/netutils
%verify(not md5 size mtime) /var/lib/selinux/mls/active/modules/100/sudo
%verify(not md5 size mtime) /var/lib/selinux/mls/active/modules/100/su
%verify(not md5 size mtime) /var/lib/selinux/mls/active/modules/100/usermanage
%verify(not md5 size mtime) /var/lib/selinux/mls/active/modules/100/seunshare
%verify(not md5 size mtime) /var/lib/selinux/mls/active/modules/100/userdomain
%verify(not md5 size mtime) /var/lib/selinux/mls/active/modules/100/unlabelednet
%verify(not md5 size mtime) /var/lib/selinux/mls/active/modules/100/auditadm
%verify(not md5 size mtime) /var/lib/selinux/mls/active/modules/100/logadm
%verify(not md5 size mtime) /var/lib/selinux/mls/active/modules/100/secadm
%verify(not md5 size mtime) /var/lib/selinux/mls/active/modules/100/staff
%verify(not md5 size mtime) /var/lib/selinux/mls/active/modules/100/sysadm_secadm
%verify(not md5 size mtime) /var/lib/selinux/mls/active/modules/100/sysadm
%verify(not md5 size mtime) /var/lib/selinux/mls/active/modules/100/unprivuser
%verify(not md5 size mtime) /var/lib/selinux/mls/active/modules/100/postgresql
%verify(not md5 size mtime) /var/lib/selinux/mls/active/modules/100/ssh
%verify(not md5 size mtime) /var/lib/selinux/mls/active/modules/100/xserver
%verify(not md5 size mtime) /var/lib/selinux/mls/active/modules/100/application
%verify(not md5 size mtime) /var/lib/selinux/mls/active/modules/100/authlogin
%verify(not md5 size mtime) /var/lib/selinux/mls/active/modules/100/clock
%verify(not md5 size mtime) /var/lib/selinux/mls/active/modules/100/fstools
%verify(not md5 size mtime) /var/lib/selinux/mls/active/modules/100/getty
%verify(not md5 size mtime) /var/lib/selinux/mls/active/modules/100/hostname
%verify(not md5 size mtime) /var/lib/selinux/mls/active/modules/100/init
%verify(not md5 size mtime) /var/lib/selinux/mls/active/modules/100/ipsec
%verify(not md5 size mtime) /var/lib/selinux/mls/active/modules/100/iptables
%verify(not md5 size mtime) /var/lib/selinux/mls/active/modules/100/libraries
%verify(not md5 size mtime) /var/lib/selinux/mls/active/modules/100/locallogin
%verify(not md5 size mtime) /var/lib/selinux/mls/active/modules/100/logging
%verify(not md5 size mtime) /var/lib/selinux/mls/active/modules/100/lvm
%verify(not md5 size mtime) /var/lib/selinux/mls/active/modules/100/miscfiles
%verify(not md5 size mtime) /var/lib/selinux/mls/active/modules/100/modutils
%verify(not md5 size mtime) /var/lib/selinux/mls/active/modules/100/mount
%verify(not md5 size mtime) /var/lib/selinux/mls/active/modules/100/netlabel
%verify(not md5 size mtime) /var/lib/selinux/mls/active/modules/100/selinuxutil
%verify(not md5 size mtime) /var/lib/selinux/mls/active/modules/100/setrans
%verify(not md5 size mtime) /var/lib/selinux/mls/active/modules/100/sysnetwork
%verify(not md5 size mtime) /var/lib/selinux/mls/active/modules/100/systemd
%verify(not md5 size mtime) /var/lib/selinux/mls/active/modules/100/udev
